-- Automatically generated by CometTPCDSQuerySuite

-- !query schema
struct<am_pm_ratio:decimal(35,20)>
-- !query output
0.58933333333333333333
