-- Automatically generated by CometTPCDSQuerySuite

-- !query schema
struct<count(1):bigint>
-- !query output
888
